// Jest Snapshot v1, https://goo.gl/fbAQLP

exports[`App component renders App 1`] = `
<div
  className="App"
>
  <BrowserRouter>
    <Header />
    <Switch>
      <Route
        component={[Function]}
        exact={true}
        path="/"
      />
      <Route
        component={[Function]}
        path="/portfolio"
      />
      <Route
        component={[Function]}
        path="/contact"
      />
    </Switch>
    <Footer />
  </BrowserRouter>
</div>
`;
